// Jest Snapshot v1, https://goo.gl/fbAQLP

exports[`renders correctly with the default configuration 1`] = `
<Text
  accessible={true}
  allowFontScaling={true}
  ellipsizeMode="tail"
>
  Hello Super Heroes
</Text>
`;
